Archive member included to satisfy reference by file (symbol)

/usr/lib/gcc-cross/arm-linux-gnueabihf/5/libgcc.a(_divsi3.o)
                              light_ops.o (__aeabi_idiv)
/usr/lib/gcc-cross/arm-linux-gnueabihf/5/libgcc.a(_aeabi_uldivmod.o)
                              temp_ops.o (__aeabi_uldivmod)
/usr/lib/gcc-cross/arm-linux-gnueabihf/5/libgcc.a(_dvmd_lnx.o)
                              /usr/lib/gcc-cross/arm-linux-gnueabihf/5/libgcc.a(_divsi3.o) (__aeabi_idiv0)
/usr/lib/gcc-cross/arm-linux-gnueabihf/5/libgcc.a(_udivmoddi4.o)
                              /usr/lib/gcc-cross/arm-linux-gnueabihf/5/libgcc.a(_aeabi_uldivmod.o) (__udivmoddi4)
/usr/arm-linux-gnueabihf/lib/libc_nonshared.a(elf-init.oS)
                              /usr/lib/gcc-cross/arm-linux-gnueabihf/5/../../../../arm-linux-gnueabihf/lib/../lib/crt1.o (__libc_csu_init)

As-needed library included to satisfy reference by file (symbol)

libm.so.6                     light_ops.o (powf@@GLIBC_2.4)
librt.so.1                    ipc_messq.o (mq_notify@@GLIBC_2.4)
ld-linux-armhf.so.3           main.o (__stack_chk_guard@@GLIBC_2.4)

Allocating common symbols
Common symbol       size              file

log_mutex           0x18              logger/logger.o
bizzounce           0x4               main.o
logfile             0x44              main.o
sprintf_mutex       0x18              logger/logger.o
time_mutex          0x18              logger/logger.o
lightsensor         0x4               light_ops.o
sigevent_temp_ipc_notify
                    0x40              main.o
light_readbuf       0x2               light_ops.o
temp_ipc_queue      0x4               main.o
tempsensor          0x4               temp_ops.o
light_ipc_queue     0x4               main.o
light_ipc_attr      0x20              main.o
tempops_thread      0x4               main.o
ipc_queue           0x4               main.o
ipcfile             0x44              main.o
attr                0x24              main.o
sigevent_light_ipc_notify
                    0x40              main.o
file_mutex          0x18              logger/sync_fileio.o
log_queue           0x4               main.o
temp_ipc_attr       0x20              main.o
log_thread          0x4               main.o
ipc_attr            0x20              main.o
tempipcfile         0x44              main.o
lightops_thread     0x4               main.o
lightipcfile        0x44              main.o

Discarded input sections

 .note.GNU-stack
                0x0000000000000000        0x0 /usr/lib/gcc-cross/arm-linux-gnueabihf/5/../../../../arm-linux-gnueabihf/lib/../lib/crt1.o
 .note.GNU-stack
                0x0000000000000000        0x0 /usr/lib/gcc-cross/arm-linux-gnueabihf/5/../../../../arm-linux-gnueabihf/lib/../lib/crti.o
 .note.GNU-stack
                0x0000000000000000        0x0 /usr/lib/gcc-cross/arm-linux-gnueabihf/5/crtbegin.o
 .note.GNU-stack
                0x0000000000000000        0x0 main.o
 .note.GNU-stack
                0x0000000000000000        0x0 i2c_wrapper.o
 .note.GNU-stack
                0x0000000000000000        0x0 tempsense.o
 .note.GNU-stack
                0x0000000000000000        0x0 temp_ops.o
 .note.GNU-stack
                0x0000000000000000        0x0 light_ops.o
 .note.GNU-stack
                0x0000000000000000        0x0 lightsense.o
 .note.GNU-stack
                0x0000000000000000        0x0 logger/logger.o
 .note.GNU-stack
                0x0000000000000000        0x0 logger/sync_fileio.o
 .note.GNU-stack
                0x0000000000000000        0x0 ipc_messq.o
 .note.GNU-stack
                0x0000000000000000        0x0 remote_socket_server.o
 .note.GNU-stack
                0x0000000000000000        0x0 /usr/lib/gcc-cross/arm-linux-gnueabihf/5/libgcc.a(_divsi3.o)
 .note.GNU-stack
                0x0000000000000000        0x0 /usr/lib/gcc-cross/arm-linux-gnueabihf/5/libgcc.a(_aeabi_uldivmod.o)
 .note.GNU-stack
                0x0000000000000000        0x0 /usr/lib/gcc-cross/arm-linux-gnueabihf/5/libgcc.a(_dvmd_lnx.o)
 .note.GNU-stack
                0x0000000000000000        0x0 /usr/lib/gcc-cross/arm-linux-gnueabihf/5/libgcc.a(_udivmoddi4.o)
 .note.GNU-stack
                0x0000000000000000        0x0 /usr/arm-linux-gnueabihf/lib/libc_nonshared.a(elf-init.oS)
 .note.GNU-stack
                0x0000000000000000        0x0 /usr/lib/gcc-cross/arm-linux-gnueabihf/5/crtend.o
 .note.GNU-stack
                0x0000000000000000        0x0 /usr/lib/gcc-cross/arm-linux-gnueabihf/5/../../../../arm-linux-gnueabihf/lib/../lib/crtn.o

Memory Configuration

Name             Origin             Length             Attributes
*default*        0x0000000000000000 0xffffffffffffffff

Linker script and memory map

LOAD /usr/lib/gcc-cross/arm-linux-gnueabihf/5/../../../../arm-linux-gnueabihf/lib/../lib/crt1.o
LOAD /usr/lib/gcc-cross/arm-linux-gnueabihf/5/../../../../arm-linux-gnueabihf/lib/../lib/crti.o
LOAD /usr/lib/gcc-cross/arm-linux-gnueabihf/5/crtbegin.o
LOAD /usr/lib/gcc-cross/arm-linux-gnueabihf/5/../../../../arm-linux-gnueabihf/lib/../lib/librt.so
LOAD main.o
LOAD i2c_wrapper.o
LOAD tempsense.o
LOAD temp_ops.o
LOAD light_ops.o
LOAD lightsense.o
LOAD logger/logger.o
LOAD logger/sync_fileio.o
LOAD ipc_messq.o
LOAD remote_socket_server.o
LOAD /usr/lib/gcc-cross/arm-linux-gnueabihf/5/../../../../arm-linux-gnueabihf/lib/../lib/libm.so
LOAD /usr/lib/gcc-cross/arm-linux-gnueabihf/5/../../../../arm-linux-gnueabihf/lib/../lib/librt.so
LOAD /usr/lib/gcc-cross/arm-linux-gnueabihf/5/libgcc.a
LOAD /usr/lib/gcc-cross/arm-linux-gnueabihf/5/libgcc_s.so
START GROUP
LOAD /usr/lib/gcc-cross/arm-linux-gnueabihf/5/libgcc_s.so.1
LOAD /usr/lib/gcc-cross/arm-linux-gnueabihf/5/libgcc.a
END GROUP
LOAD /usr/lib/gcc-cross/arm-linux-gnueabihf/5/../../../../arm-linux-gnueabihf/lib/../lib/libpthread.so
START GROUP
LOAD /usr/arm-linux-gnueabihf/lib/libpthread.so.0
LOAD /usr/arm-linux-gnueabihf/lib/libpthread_nonshared.a
END GROUP
LOAD /usr/lib/gcc-cross/arm-linux-gnueabihf/5/../../../../arm-linux-gnueabihf/lib/../lib/libc.so
START GROUP
LOAD /usr/arm-linux-gnueabihf/lib/libc.so.6
LOAD /usr/arm-linux-gnueabihf/lib/libc_nonshared.a
LOAD /usr/arm-linux-gnueabihf/lib/ld-linux-armhf.so.3
END GROUP
LOAD /usr/lib/gcc-cross/arm-linux-gnueabihf/5/libgcc.a
LOAD /usr/lib/gcc-cross/arm-linux-gnueabihf/5/libgcc_s.so
START GROUP
LOAD /usr/lib/gcc-cross/arm-linux-gnueabihf/5/libgcc_s.so.1
LOAD /usr/lib/gcc-cross/arm-linux-gnueabihf/5/libgcc.a
END GROUP
LOAD /usr/lib/gcc-cross/arm-linux-gnueabihf/5/crtend.o
LOAD /usr/lib/gcc-cross/arm-linux-gnueabihf/5/../../../../arm-linux-gnueabihf/lib/../lib/crtn.o
                [!provide]                        PROVIDE (__executable_start, 0x10000)
                0x0000000000010154                . = (0x10000 + SIZEOF_HEADERS)

.interp         0x0000000000010154       0x19
 *(.interp)
 .interp        0x0000000000010154       0x19 /usr/lib/gcc-cross/arm-linux-gnueabihf/5/../../../../arm-linux-gnueabihf/lib/../lib/crt1.o

.note.ABI-tag   0x0000000000010170       0x20
 .note.ABI-tag  0x0000000000010170       0x20 /usr/lib/gcc-cross/arm-linux-gnueabihf/5/../../../../arm-linux-gnueabihf/lib/../lib/crt1.o

.note.gnu.build-id
                0x0000000000010190       0x24
 *(.note.gnu.build-id)
 .note.gnu.build-id
                0x0000000000010190       0x24 linker stubs

.hash
 *(.hash)

.gnu.hash       0x00000000000101b4      0x1c0
 *(.gnu.hash)
 .gnu.hash      0x00000000000101b4      0x1c0 /usr/lib/gcc-cross/arm-linux-gnueabihf/5/../../../../arm-linux-gnueabihf/lib/../lib/crt1.o

.dynsym         0x0000000000010374      0x3c0
 *(.dynsym)
 .dynsym        0x0000000000010374      0x3c0 /usr/lib/gcc-cross/arm-linux-gnueabihf/5/../../../../arm-linux-gnueabihf/lib/../lib/crt1.o

.dynstr         0x0000000000010734      0x26e
 *(.dynstr)
 .dynstr        0x0000000000010734      0x26e /usr/lib/gcc-cross/arm-linux-gnueabihf/5/../../../../arm-linux-gnueabihf/lib/../lib/crt1.o

.gnu.version    0x00000000000109a2       0x78
 *(.gnu.version)
 .gnu.version   0x00000000000109a2       0x78 /usr/lib/gcc-cross/arm-linux-gnueabihf/5/../../../../arm-linux-gnueabihf/lib/../lib/crt1.o

.gnu.version_d  0x0000000000010a1c        0x0
 *(.gnu.version_d)
 .gnu.version_d
                0x0000000000010a1c        0x0 /usr/lib/gcc-cross/arm-linux-gnueabihf/5/../../../../arm-linux-gnueabihf/lib/../lib/crt1.o

.gnu.version_r  0x0000000000010a1c       0xa0
 *(.gnu.version_r)
 .gnu.version_r
                0x0000000000010a1c       0xa0 /usr/lib/gcc-cross/arm-linux-gnueabihf/5/../../../../arm-linux-gnueabihf/lib/../lib/crt1.o

.rel.dyn        0x0000000000010abc       0x18
 *(.rel.init)
 *(.rel.text .rel.text.* .rel.gnu.linkonce.t.*)
 *(.rel.fini)
 *(.rel.rodata .rel.rodata.* .rel.gnu.linkonce.r.*)
 *(.rel.data.rel.ro .rel.data.rel.ro.* .rel.gnu.linkonce.d.rel.ro.*)
 *(.rel.data .rel.data.* .rel.gnu.linkonce.d.*)
 *(.rel.tdata .rel.tdata.* .rel.gnu.linkonce.td.*)
 *(.rel.tbss .rel.tbss.* .rel.gnu.linkonce.tb.*)
 *(.rel.ctors)
 *(.rel.dtors)
 *(.rel.got)
 .rel.got       0x0000000000010abc        0x8 /usr/lib/gcc-cross/arm-linux-gnueabihf/5/../../../../arm-linux-gnueabihf/lib/../lib/crt1.o
 *(.rel.bss .rel.bss.* .rel.gnu.linkonce.b.*)
 .rel.bss       0x0000000000010ac4       0x10 /usr/lib/gcc-cross/arm-linux-gnueabihf/5/../../../../arm-linux-gnueabihf/lib/../lib/crt1.o
                [!provide]                        PROVIDE (__rel_iplt_start, .)
 *(.rel.iplt)
 .rel.iplt      0x0000000000010ad4        0x0 /usr/lib/gcc-cross/arm-linux-gnueabihf/5/../../../../arm-linux-gnueabihf/lib/../lib/crt1.o
                [!provide]                        PROVIDE (__rel_iplt_end, .)

.rela.dyn       0x0000000000010ad4        0x0
 *(.rela.init)
 *(.rela.text .rela.text.* .rela.gnu.linkonce.t.*)
 *(.rela.fini)
 *(.rela.rodata .rela.rodata.* .rela.gnu.linkonce.r.*)
 *(.rela.data .rela.data.* .rela.gnu.linkonce.d.*)
 *(.rela.tdata .rela.tdata.* .rela.gnu.linkonce.td.*)
 *(.rela.tbss .rela.tbss.* .rela.gnu.linkonce.tb.*)
 *(.rela.ctors)
 *(.rela.dtors)
 *(.rela.got)
 *(.rela.bss .rela.bss.* .rela.gnu.linkonce.b.*)
                [!provide]                        PROVIDE (__rela_iplt_start, .)
 *(.rela.iplt)
                [!provide]                        PROVIDE (__rela_iplt_end, .)

.rel.plt        0x0000000000010ad4      0x1b0
 *(.rel.plt)
 .rel.plt       0x0000000000010ad4      0x1b0 /usr/lib/gcc-cross/arm-linux-gnueabihf/5/../../../../arm-linux-gnueabihf/lib/../lib/crt1.o

.rela.plt
 *(.rela.plt)

.init           0x0000000000010c84        0xc
 *(SORT(.init))
 .init          0x0000000000010c84        0x8 /usr/lib/gcc-cross/arm-linux-gnueabihf/5/../../../../arm-linux-gnueabihf/lib/../lib/crti.o
                0x0000000000010c84                _init
 .init          0x0000000000010c8c        0x4 /usr/lib/gcc-cross/arm-linux-gnueabihf/5/../../../../arm-linux-gnueabihf/lib/../lib/crtn.o

.plt            0x0000000000010c90      0x29c
 *(.plt)
 .plt           0x0000000000010c90      0x29c /usr/lib/gcc-cross/arm-linux-gnueabihf/5/../../../../arm-linux-gnueabihf/lib/../lib/crt1.o
                0x0000000000010ca4                pthread_mutex_unlock@@GLIBC_2.4
                0x0000000000010cb0                raise@@GLIBC_2.4
                0x0000000000010cbc                setsockopt@@GLIBC_2.4
                0x0000000000010cc8                printf@@GLIBC_2.4
                0x0000000000010cd4                fopen@@GLIBC_2.4
                0x0000000000010ce0                read@@GLIBC_2.4
                0x0000000000010cec                pthread_mutex_lock@@GLIBC_2.4
                0x0000000000010cf8                memcpy@@GLIBC_2.4
                0x0000000000010d04                signal@@GLIBC_2.4
                0x0000000000010d10                time@@GLIBC_2.4
                0x0000000000010d1c                sleep@@GLIBC_2.4
                0x0000000000010d28                __stack_chk_fail@@GLIBC_2.4
                0x0000000000010d34                htons@@GLIBC_2.4
                0x0000000000010d40                timer_create@@GLIBC_2.4
                0x0000000000010d4c                accept@@GLIBC_2.4
                0x0000000000010d58                timer_settime@@GLIBC_2.4
                0x0000000000010d64                mq_close@@GLIBC_2.4
                0x0000000000010d70                fwrite@@GLIBC_2.4
                0x0000000000010d7c                strcat@@GLIBC_2.4
                0x0000000000010d88                ioctl@@GLIBC_2.4
                0x0000000000010d94                usleep@@GLIBC_2.4
                0x0000000000010da0                strcpy@@GLIBC_2.4
                0x0000000000010dac                pthread_create@@GLIBC_2.4
                0x0000000000010db8                powf@@GLIBC_2.4
                0x0000000000010dc4                puts@@GLIBC_2.4
                0x0000000000010dd0                malloc@@GLIBC_2.4
                0x0000000000010ddc                __libc_start_main@@GLIBC_2.4
                0x0000000000010de8                strerror@@GLIBC_2.4
                0x0000000000010df4                localtime@@GLIBC_2.4
                0x0000000000010e0c                open@@GLIBC_2.4
                0x0000000000010e18                getpid@@GLIBC_2.4
                0x0000000000010e24                strlen@@GLIBC_2.4
                0x0000000000010e30                mq_open@@GLIBC_2.4
                0x0000000000010e3c                pthread_attr_init@@GLIBC_2.4
                0x0000000000010e48                __errno_location@@GLIBC_2.4
                0x0000000000010e54                bind@@GLIBC_2.4
                0x0000000000010e60                memset@@GLIBC_2.4
                0x0000000000010e6c                fgetc@@GLIBC_2.4
                0x0000000000010e78                write@@GLIBC_2.4
                0x0000000000010e84                fclose@@GLIBC_2.4
                0x0000000000010e90                mq_receive@@GLIBC_2.4
                0x0000000000010e9c                listen@@GLIBC_2.4
                0x0000000000010ea8                pthread_join@@GLIBC_2.4
                0x0000000000010eb4                sprintf@@GLIBC_2.4
                0x0000000000010ec0                atoi@@GLIBC_2.4
                0x0000000000010ecc                mq_getattr@@GLIBC_2.4
                0x0000000000010ed8                mq_notify@@GLIBC_2.4
                0x0000000000010ee4                socket@@GLIBC_2.4
                0x0000000000010ef0                mq_unlink@@GLIBC_2.4
                0x0000000000010efc                fputs@@GLIBC_2.4
                0x0000000000010f08                abort@@GLIBC_2.4
                0x0000000000010f14                send@@GLIBC_2.4
                0x0000000000010f20                mq_send@@GLIBC_2.4

.iplt           0x0000000000010f2c        0x0
 *(.iplt)
 .iplt          0x0000000000010f2c        0x0 /usr/lib/gcc-cross/arm-linux-gnueabihf/5/../../../../arm-linux-gnueabihf/lib/../lib/crt1.o

.text           0x0000000000010f30     0x2a30
 *(.text.unlikely .text.*_unlikely .text.unlikely.*)
 *(.text.exit .text.exit.*)
 *(.text.startup .text.startup.*)
 *(.text.hot .text.hot.*)
 *(.text .stub .text.* .gnu.linkonce.t.*)
 .text          0x0000000000010f30       0x30 /usr/lib/gcc-cross/arm-linux-gnueabihf/5/../../../../arm-linux-gnueabihf/lib/../lib/crt1.o
                0x0000000000010f30                _start
 .text          0x0000000000010f60       0x24 /usr/lib/gcc-cross/arm-linux-gnueabihf/5/../../../../arm-linux-gnueabihf/lib/../lib/crti.o
 .text          0x0000000000010f84       0x8c /usr/lib/gcc-cross/arm-linux-gnueabihf/5/crtbegin.o
 .text          0x0000000000011010      0x2b0 main.o
                0x0000000000011010                main
 .text          0x00000000000112c0      0x118 i2c_wrapper.o
                0x00000000000112c0                i2c_read
                0x0000000000011318                i2c_write
                0x0000000000011370                i2c_init
 .text          0x00000000000113d8      0x408 tempsense.o
                0x00000000000113d8                w_ptr_reg
                0x0000000000011420                r_tlow_reg
                0x0000000000011470                w_tlow_reg
                0x00000000000114c0                r_thigh_reg
                0x0000000000011510                w_thigh_reg
                0x0000000000011560                r_temp_reg
                0x00000000000115b0                w_config_reg
                0x0000000000011620                r_config_reg
                0x0000000000011678                display_c
                0x00000000000116e0                display_f
                0x0000000000011768                display_k
 .text          0x00000000000117e0      0x1a0 temp_ops.o
                0x00000000000117e0                temp_ops
                0x0000000000011860                temp_ops_exit
                0x0000000000011888                handler_timer
                0x00000000000118b0                metric_counter_init
 .text          0x0000000000011980      0x694 light_ops.o
                0x0000000000011980                light_ops
                0x0000000000011ae8                light_ops_exit
                0x0000000000011b10                light_timer_handler
                0x0000000000011c50                light_counter_init
                0x0000000000011d20                light_power_test
                0x0000000000011dbc                counts_to_lux
 .text          0x0000000000012014      0x334 lightsense.o
                0x0000000000012014                light_r_id_reg
                0x0000000000012074                light_w_pwr
                0x00000000000120c8                light_r_pwr
                0x0000000000012104                light_r_adc
                0x00000000000121b8                light_w_timing_reg
                0x000000000001221c                light_w_intr_ctrl
                0x0000000000012280                light_w_intr_thresh_low
                0x00000000000122e4                light_w_intr_thresh_high
 .text          0x0000000000012348      0x520 logger/logger.o
                0x0000000000012348                logger
                0x000000000001247c                log_exit
                0x0000000000012490                writeLogStruct
                0x00000000000126b0                writeLogStr
                0x00000000000126e4                getCurrentTimeStr
                0x0000000000012830                thread_sprintf
 .text          0x0000000000012868      0x160 logger/sync_fileio.o
                0x0000000000012868                fileCreate
                0x00000000000128dc                fileWrite
                0x000000000001292c                fileClose
                0x0000000000012970                fileRead
                0x000000000001299c                fileOpen
 .text          0x00000000000129c8      0x9d4 ipc_messq.o
                0x00000000000129c8                shuffler_king
                0x0000000000012a98                shuffler_mini_temp
                0x0000000000012b60                ipc_queue_init
                0x0000000000012bd4                log_queue_init
                0x0000000000012c50                temp_ipc_queue_init
                0x0000000000012d18                light_ipc_queue_init
                0x0000000000012de0                shuffler_mini_light
                0x0000000000012ecc                decipher_ipc_msg
                0x00000000000130f8                build_ipc_msg
                0x00000000000132a4                manage_ipc_msg
 .text          0x000000000001339c      0x180 remote_socket_server.o
                0x000000000001339c                remote_socket_server_init
 *fill*         0x000000000001351c        0x4 
 .text          0x0000000000013520      0x2b0 /usr/lib/gcc-cross/arm-linux-gnueabihf/5/libgcc.a(_divsi3.o)
                0x0000000000013520                __divsi3
                0x0000000000013520                __aeabi_idiv
                0x00000000000137b4                __aeabi_idivmod
 .text          0x00000000000137d0       0x30 /usr/lib/gcc-cross/arm-linux-gnueabihf/5/libgcc.a(_aeabi_uldivmod.o)
                0x00000000000137d0                __aeabi_uldivmod
 .text          0x0000000000013800        0xc /usr/lib/gcc-cross/arm-linux-gnueabihf/5/libgcc.a(_dvmd_lnx.o)
                0x0000000000013800                __aeabi_ldiv0
                0x0000000000013800                __aeabi_idiv0
 .text          0x000000000001380c      0x114 /usr/lib/gcc-cross/arm-linux-gnueabihf/5/libgcc.a(_udivmoddi4.o)
                0x000000000001380c                __udivmoddi4
 .text          0x0000000000013920       0x40 /usr/arm-linux-gnueabihf/lib/libc_nonshared.a(elf-init.oS)
                0x0000000000013920                __libc_csu_init
                0x000000000001395c                __libc_csu_fini
 .text          0x0000000000013960        0x0 /usr/lib/gcc-cross/arm-linux-gnueabihf/5/crtend.o
 .text          0x0000000000013960        0x0 /usr/lib/gcc-cross/arm-linux-gnueabihf/5/../../../../arm-linux-gnueabihf/lib/../lib/crtn.o
 *(.gnu.warning)
 *(.glue_7t)
 .glue_7t       0x0000000000013960        0x0 linker stubs
 *(.glue_7)
 .glue_7        0x0000000000013960        0x0 linker stubs
 *(.vfp11_veneer)
 .vfp11_veneer  0x0000000000013960        0x0 linker stubs
 *(.v4_bx)
 .v4_bx         0x0000000000013960        0x0 linker stubs

.fini           0x0000000000013960        0x8
 *(SORT(.fini))
 .fini          0x0000000000013960        0x4 /usr/lib/gcc-cross/arm-linux-gnueabihf/5/../../../../arm-linux-gnueabihf/lib/../lib/crti.o
                0x0000000000013960                _fini
 .fini          0x0000000000013964        0x4 /usr/lib/gcc-cross/arm-linux-gnueabihf/5/../../../../arm-linux-gnueabihf/lib/../lib/crtn.o
                [!provide]                        PROVIDE (__etext, .)
                [!provide]                        PROVIDE (_etext, .)
                [!provide]                        PROVIDE (etext, .)

.rodata         0x0000000000013968      0x536
 *(.rodata .rodata.* .gnu.linkonce.r.*)
 .rodata.cst4   0x0000000000013968        0x4 /usr/lib/gcc-cross/arm-linux-gnueabihf/5/../../../../arm-linux-gnueabihf/lib/../lib/crt1.o
                0x0000000000013968                _IO_stdin_used
 .rodata        0x000000000001396c       0x8c main.o
 .rodata        0x00000000000139f8       0xdb i2c_wrapper.o
 *fill*         0x0000000000013ad3        0x1 
 .rodata        0x0000000000013ad4       0x30 tempsense.o
 .rodata        0x0000000000013b04       0x5f temp_ops.o
 *fill*         0x0000000000013b63        0x1 
 .rodata        0x0000000000013b64       0x8f light_ops.o
 *fill*         0x0000000000013bf3        0x1 
 .rodata        0x0000000000013bf4       0x84 logger/logger.o
 .rodata        0x0000000000013c78       0x1f logger/sync_fileio.o
 *fill*         0x0000000000013c97        0x1 
 .rodata        0x0000000000013c98      0x12b ipc_messq.o
 *fill*         0x0000000000013dc3        0x1 
 .rodata        0x0000000000013dc4       0xda remote_socket_server.o

.rodata1
 *(.rodata1)

.ARM.extab      0x0000000000013e9e        0x0
 *(.ARM.extab* .gnu.linkonce.armextab.*)
 .ARM.extab     0x0000000000013e9e        0x0 /usr/lib/gcc-cross/arm-linux-gnueabihf/5/../../../../arm-linux-gnueabihf/lib/../lib/crt1.o
 .ARM.extab     0x0000000000013e9e        0x0 /usr/lib/gcc-cross/arm-linux-gnueabihf/5/libgcc.a(_udivmoddi4.o)
                [!provide]                        PROVIDE (__exidx_start, .)

.ARM.exidx      0x0000000000013ea0        0x8
 *(.ARM.exidx* .gnu.linkonce.armexidx.*)
 .ARM.exidx     0x0000000000013ea0        0x8 /usr/lib/gcc-cross/arm-linux-gnueabihf/5/../../../../arm-linux-gnueabihf/lib/../lib/crt1.o
 .ARM.exidx     0x0000000000013ea8        0x0 /usr/lib/gcc-cross/arm-linux-gnueabihf/5/libgcc.a(_udivmoddi4.o)
                                          0x8 (size before relaxing)
                [!provide]                        PROVIDE (__exidx_end, .)

.eh_frame_hdr
 *(.eh_frame_hdr)
 *(.eh_frame_entry .eh_frame_entry.*)

.eh_frame       0x0000000000013ea8        0x4
 *(.eh_frame)
 .eh_frame      0x0000000000013ea8        0x4 /usr/lib/gcc-cross/arm-linux-gnueabihf/5/crtend.o
 *(.eh_frame.*)

.gcc_except_table
 *(.gcc_except_table .gcc_except_table.*)

.gnu_extab
 *(.gnu_extab*)

.exception_ranges
 *(.exception_ranges .exception_ranges*)
                0x0000000000023eec                . = DATA_SEGMENT_ALIGN (0x10000, 0x1000)

.eh_frame
 *(.eh_frame)
 *(.eh_frame.*)

.gnu_extab
 *(.gnu_extab)

.gcc_except_table
 *(.gcc_except_table .gcc_except_table.*)

.exception_ranges
 *(.exception_ranges .exception_ranges*)

.tdata
 *(.tdata .tdata.* .gnu.linkonce.td.*)

.tbss
 *(.tbss .tbss.* .gnu.linkonce.tb.*)
 *(.tcommon)

.preinit_array  0x0000000000023eec        0x0
                [!provide]                        PROVIDE (__preinit_array_start, .)
 *(.preinit_array)
                [!provide]                        PROVIDE (__preinit_array_end, .)

.init_array     0x0000000000023eec        0x4
                0x0000000000023eec                PROVIDE (__init_array_start, .)
 *(SORT(.init_array.*) SORT(.ctors.*))
 *(.init_array EXCLUDE_FILE(*crtend?.o *crtend.o *crtbegin?.o *crtbegin.o) .ctors)
 .init_array    0x0000000000023eec        0x4 /usr/lib/gcc-cross/arm-linux-gnueabihf/5/crtbegin.o
                0x0000000000023ef0                PROVIDE (__init_array_end, .)

.fini_array     0x0000000000023ef0        0x4
                [!provide]                        PROVIDE (__fini_array_start, .)
 *(SORT(.fini_array.*) SORT(.dtors.*))
 *(.fini_array EXCLUDE_FILE(*crtend?.o *crtend.o *crtbegin?.o *crtbegin.o) .dtors)
 .fini_array    0x0000000000023ef0        0x4 /usr/lib/gcc-cross/arm-linux-gnueabihf/5/crtbegin.o
                [!provide]                        PROVIDE (__fini_array_end, .)

.ctors
 *crtbegin.o(.ctors)
 *crtbegin?.o(.ctors)
 *(EXCLUDE_FILE(*crtend?.o *crtend.o) .ctors)
 *(SORT(.ctors.*))
 *(.ctors)

.dtors
 *crtbegin.o(.dtors)
 *crtbegin?.o(.dtors)
 *(EXCLUDE_FILE(*crtend?.o *crtend.o) .dtors)
 *(SORT(.dtors.*))
 *(.dtors)

.jcr            0x0000000000023ef4        0x4
 *(.jcr)
 .jcr           0x0000000000023ef4        0x0 /usr/lib/gcc-cross/arm-linux-gnueabihf/5/crtbegin.o
 .jcr           0x0000000000023ef4        0x4 /usr/lib/gcc-cross/arm-linux-gnueabihf/5/crtend.o

.data.rel.ro
 *(.data.rel.ro.local* .gnu.linkonce.d.rel.ro.local.*)
 *(.data.rel.ro .data.rel.ro.* .gnu.linkonce.d.rel.ro.*)

.dynamic        0x0000000000023ef8      0x108
 *(.dynamic)
 .dynamic       0x0000000000023ef8      0x108 /usr/lib/gcc-cross/arm-linux-gnueabihf/5/../../../../arm-linux-gnueabihf/lib/../lib/crt1.o
                0x0000000000023ef8                _DYNAMIC
                0x0000000000024000                . = DATA_SEGMENT_RELRO_END (., 0x0)

.got            0x0000000000024000       0xe8
 *(.got.plt)
 .got.plt       0x0000000000024000       0xe4 /usr/lib/gcc-cross/arm-linux-gnueabihf/5/../../../../arm-linux-gnueabihf/lib/../lib/crt1.o
                0x0000000000024000                _GLOBAL_OFFSET_TABLE_
 *(.igot.plt)
 .igot.plt      0x00000000000240e4        0x0 /usr/lib/gcc-cross/arm-linux-gnueabihf/5/../../../../arm-linux-gnueabihf/lib/../lib/crt1.o
 *(.got)
 .got           0x00000000000240e4        0x4 /usr/lib/gcc-cross/arm-linux-gnueabihf/5/../../../../arm-linux-gnueabihf/lib/../lib/crt1.o
 *(.igot)

.data           0x00000000000240e8       0x18
                [!provide]                        PROVIDE (__data_start, .)
 *(.data .data.* .gnu.linkonce.d.*)
 .data          0x00000000000240e8        0x4 /usr/lib/gcc-cross/arm-linux-gnueabihf/5/../../../../arm-linux-gnueabihf/lib/../lib/crt1.o
                0x00000000000240e8                data_start
                0x00000000000240e8                __data_start
 .data          0x00000000000240ec        0x0 /usr/lib/gcc-cross/arm-linux-gnueabihf/5/../../../../arm-linux-gnueabihf/lib/../lib/crti.o
 .data          0x00000000000240ec        0x4 /usr/lib/gcc-cross/arm-linux-gnueabihf/5/crtbegin.o
                0x00000000000240ec                __dso_handle
 .data          0x00000000000240f0        0x0 main.o
 .data          0x00000000000240f0        0x0 i2c_wrapper.o
 .data          0x00000000000240f0        0x0 tempsense.o
 .data          0x00000000000240f0        0x8 temp_ops.o
                0x00000000000240f0                temp_addr
                0x00000000000240f4                tempsense_path
 .data          0x00000000000240f8        0x8 light_ops.o
                0x00000000000240f8                light_addr
                0x00000000000240fc                i2c_path
 .data          0x0000000000024100        0x0 lightsense.o
 .data          0x0000000000024100        0x0 logger/logger.o
 .data          0x0000000000024100        0x0 logger/sync_fileio.o
 .data          0x0000000000024100        0x0 ipc_messq.o
 .data          0x0000000000024100        0x0 remote_socket_server.o
 .data          0x0000000000024100        0x0 /usr/lib/gcc-cross/arm-linux-gnueabihf/5/libgcc.a(_divsi3.o)
 .data          0x0000000000024100        0x0 /usr/lib/gcc-cross/arm-linux-gnueabihf/5/libgcc.a(_aeabi_uldivmod.o)
 .data          0x0000000000024100        0x0 /usr/lib/gcc-cross/arm-linux-gnueabihf/5/libgcc.a(_dvmd_lnx.o)
 .data          0x0000000000024100        0x0 /usr/lib/gcc-cross/arm-linux-gnueabihf/5/libgcc.a(_udivmoddi4.o)
 .data          0x0000000000024100        0x0 /usr/arm-linux-gnueabihf/lib/libc_nonshared.a(elf-init.oS)
 .data          0x0000000000024100        0x0 /usr/lib/gcc-cross/arm-linux-gnueabihf/5/crtend.o
 .data          0x0000000000024100        0x0 /usr/lib/gcc-cross/arm-linux-gnueabihf/5/../../../../arm-linux-gnueabihf/lib/../lib/crtn.o

.tm_clone_table
                0x0000000000024100        0x0
 .tm_clone_table
                0x0000000000024100        0x0 /usr/lib/gcc-cross/arm-linux-gnueabihf/5/crtbegin.o
 .tm_clone_table
                0x0000000000024100        0x0 /usr/lib/gcc-cross/arm-linux-gnueabihf/5/crtend.o

.data1
 *(.data1)
                0x0000000000024100                _edata = .
                [!provide]                        PROVIDE (edata, .)
                0x0000000000024100                . = .
                0x0000000000024100                __bss_start = .
                0x0000000000024100                __bss_start__ = .

.bss            0x0000000000024100      0x2cc
 *(.dynbss)
 .dynbss        0x0000000000024100        0xc /usr/lib/gcc-cross/arm-linux-gnueabihf/5/../../../../arm-linux-gnueabihf/lib/../lib/crt1.o
                0x0000000000024100                __stack_chk_guard@@GLIBC_2.4
                0x0000000000024108                stderr@@GLIBC_2.4
 *(.bss .bss.* .gnu.linkonce.b.*)
 .bss           0x000000000002410c        0x0 /usr/lib/gcc-cross/arm-linux-gnueabihf/5/../../../../arm-linux-gnueabihf/lib/../lib/crt1.o
 .bss           0x000000000002410c        0x0 /usr/lib/gcc-cross/arm-linux-gnueabihf/5/../../../../arm-linux-gnueabihf/lib/../lib/crti.o
 .bss           0x000000000002410c        0x1 /usr/lib/gcc-cross/arm-linux-gnueabihf/5/crtbegin.o
 .bss           0x000000000002410d        0x0 main.o
 .bss           0x000000000002410d        0x0 i2c_wrapper.o
 .bss           0x000000000002410d        0x0 tempsense.o
 *fill*         0x000000000002410d        0x3 
 .bss           0x0000000000024110        0x6 temp_ops.o
                0x0000000000024110                readinfo
                0x0000000000024114                writeinfo
 *fill*         0x0000000000024116        0x2 
 .bss           0x0000000000024118        0x2 light_ops.o
                0x0000000000024118                light_wrbuf
 .bss           0x000000000002411a        0x0 lightsense.o
 *fill*         0x000000000002411a        0x2 
 .bss           0x000000000002411c        0xd logger/logger.o
 .bss           0x0000000000024129        0x0 logger/sync_fileio.o
 .bss           0x0000000000024129        0x0 ipc_messq.o
 .bss           0x0000000000024129        0x0 remote_socket_server.o
 .bss           0x0000000000024129        0x0 /usr/lib/gcc-cross/arm-linux-gnueabihf/5/libgcc.a(_divsi3.o)
 .bss           0x0000000000024129        0x0 /usr/lib/gcc-cross/arm-linux-gnueabihf/5/libgcc.a(_aeabi_uldivmod.o)
 .bss           0x0000000000024129        0x0 /usr/lib/gcc-cross/arm-linux-gnueabihf/5/libgcc.a(_dvmd_lnx.o)
 .bss           0x0000000000024129        0x0 /usr/lib/gcc-cross/arm-linux-gnueabihf/5/libgcc.a(_udivmoddi4.o)
 .bss           0x0000000000024129        0x0 /usr/arm-linux-gnueabihf/lib/libc_nonshared.a(elf-init.oS)
 .bss           0x0000000000024129        0x0 /usr/lib/gcc-cross/arm-linux-gnueabihf/5/crtend.o
 .bss           0x0000000000024129        0x0 /usr/lib/gcc-cross/arm-linux-gnueabihf/5/../../../../arm-linux-gnueabihf/lib/../lib/crtn.o
 *(COMMON)
 *fill*         0x0000000000024129        0x3 
 COMMON         0x000000000002412c      0x234 main.o
                0x000000000002412c                bizzounce
                0x0000000000024130                logfile
                0x0000000000024174                sigevent_temp_ipc_notify
                0x00000000000241b4                temp_ipc_queue
                0x00000000000241b8                light_ipc_queue
                0x00000000000241bc                light_ipc_attr
                0x00000000000241dc                tempops_thread
                0x00000000000241e0                ipc_queue
                0x00000000000241e4                ipcfile
                0x0000000000024228                attr
                0x000000000002424c                sigevent_light_ipc_notify
                0x000000000002428c                log_queue
                0x0000000000024290                temp_ipc_attr
                0x00000000000242b0                log_thread
                0x00000000000242b4                ipc_attr
                0x00000000000242d4                tempipcfile
                0x0000000000024318                lightops_thread
                0x000000000002431c                lightipcfile
 COMMON         0x0000000000024360        0x4 temp_ops.o
                0x0000000000024360                tempsensor
 COMMON         0x0000000000024364        0x6 light_ops.o
                0x0000000000024364                lightsensor
                0x0000000000024368                light_readbuf
 *fill*         0x000000000002436a        0x2 
 COMMON         0x000000000002436c       0x48 logger/logger.o
                0x000000000002436c                log_mutex
                0x0000000000024384                sprintf_mutex
                0x000000000002439c                time_mutex
 COMMON         0x00000000000243b4       0x18 logger/sync_fileio.o
                0x00000000000243b4                file_mutex
                0x00000000000243cc                . = ALIGN ((. != 0x0)?0x4:0x1)
                0x00000000000243cc                _bss_end__ = .
                0x00000000000243cc                __bss_end__ = .
                0x00000000000243cc                . = ALIGN (0x4)
                0x00000000000243cc                . = SEGMENT_START ("ldata-segment", .)
                0x00000000000243cc                . = ALIGN (0x4)
                0x00000000000243cc                __end__ = .
                0x00000000000243cc                _end = .
                [!provide]                        PROVIDE (end, .)
                0x00000000000243cc                . = DATA_SEGMENT_END (.)

.stab
 *(.stab)

.stabstr
 *(.stabstr)

.stab.excl
 *(.stab.excl)

.stab.exclstr
 *(.stab.exclstr)

.stab.index
 *(.stab.index)

.stab.indexstr
 *(.stab.indexstr)

.comment        0x0000000000000000       0x3b
 *(.comment)
 .comment       0x0000000000000000       0x3b /usr/lib/gcc-cross/arm-linux-gnueabihf/5/crtbegin.o
                                         0x3c (size before relaxing)
 .comment       0x000000000000003b       0x3c main.o
 .comment       0x000000000000003b       0x3c i2c_wrapper.o
 .comment       0x000000000000003b       0x3c tempsense.o
 .comment       0x000000000000003b       0x3c temp_ops.o
 .comment       0x000000000000003b       0x3c light_ops.o
 .comment       0x000000000000003b       0x3c lightsense.o
 .comment       0x000000000000003b       0x3c logger/logger.o
 .comment       0x000000000000003b       0x3c logger/sync_fileio.o
 .comment       0x000000000000003b       0x3c ipc_messq.o
 .comment       0x000000000000003b       0x3c remote_socket_server.o
 .comment       0x000000000000003b       0x3c /usr/lib/gcc-cross/arm-linux-gnueabihf/5/crtend.o

.ARM.attributes
                0x0000000000000000       0x33
 .ARM.attributes
                0x0000000000000000       0x33 /usr/lib/gcc-cross/arm-linux-gnueabihf/5/../../../../arm-linux-gnueabihf/lib/../lib/crt1.o
 .ARM.attributes
                0x0000000000000033       0x27 /usr/lib/gcc-cross/arm-linux-gnueabihf/5/../../../../arm-linux-gnueabihf/lib/../lib/crti.o
 .ARM.attributes
                0x000000000000005a       0x33 /usr/lib/gcc-cross/arm-linux-gnueabihf/5/crtbegin.o
 .ARM.attributes
                0x000000000000008d       0x33 main.o
 .ARM.attributes
                0x00000000000000c0       0x33 i2c_wrapper.o
 .ARM.attributes
                0x00000000000000f3       0x33 tempsense.o
 .ARM.attributes
                0x0000000000000126       0x33 temp_ops.o
 .ARM.attributes
                0x0000000000000159       0x33 light_ops.o
 .ARM.attributes
                0x000000000000018c       0x33 lightsense.o
 .ARM.attributes
                0x00000000000001bf       0x33 logger/logger.o
 .ARM.attributes
                0x00000000000001f2       0x33 logger/sync_fileio.o
 .ARM.attributes
                0x0000000000000225       0x33 ipc_messq.o
 .ARM.attributes
                0x0000000000000258       0x33 remote_socket_server.o
 .ARM.attributes
                0x000000000000028b       0x21 /usr/lib/gcc-cross/arm-linux-gnueabihf/5/libgcc.a(_divsi3.o)
 .ARM.attributes
                0x00000000000002ac       0x21 /usr/lib/gcc-cross/arm-linux-gnueabihf/5/libgcc.a(_aeabi_uldivmod.o)
 .ARM.attributes
                0x00000000000002cd       0x21 /usr/lib/gcc-cross/arm-linux-gnueabihf/5/libgcc.a(_dvmd_lnx.o)
 .ARM.attributes
                0x00000000000002ee       0x33 /usr/lib/gcc-cross/arm-linux-gnueabihf/5/libgcc.a(_udivmoddi4.o)
 .ARM.attributes
                0x0000000000000321       0x35 /usr/arm-linux-gnueabihf/lib/libc_nonshared.a(elf-init.oS)
 .ARM.attributes
                0x0000000000000356       0x33 /usr/lib/gcc-cross/arm-linux-gnueabihf/5/crtend.o
 .ARM.attributes
                0x0000000000000389       0x27 /usr/lib/gcc-cross/arm-linux-gnueabihf/5/../../../../arm-linux-gnueabihf/lib/../lib/crtn.o

.debug
 *(.debug)

.line
 *(.line)

.debug_srcinfo
 *(.debug_srcinfo)

.debug_sfnames
 *(.debug_sfnames)

.debug_aranges
 *(.debug_aranges)

.debug_pubnames
 *(.debug_pubnames)

.debug_info
 *(.debug_info .gnu.linkonce.wi.*)

.debug_abbrev
 *(.debug_abbrev)

.debug_line
 *(.debug_line .debug_line.* .debug_line_end)

.debug_frame
 *(.debug_frame)

.debug_str
 *(.debug_str)

.debug_loc
 *(.debug_loc)

.debug_macinfo
 *(.debug_macinfo)

.debug_weaknames
 *(.debug_weaknames)

.debug_funcnames
 *(.debug_funcnames)

.debug_typenames
 *(.debug_typenames)

.debug_varnames
 *(.debug_varnames)

.debug_pubtypes
 *(.debug_pubtypes)

.debug_ranges
 *(.debug_ranges)

.debug_macro
 *(.debug_macro)

.gnu.attributes
 *(.gnu.attributes)

.note.gnu.arm.ident
 *(.note.gnu.arm.ident)

/DISCARD/
 *(.note.GNU-stack)
 *(.gnu_debuglink)
 *(.gnu.lto_*)
OUTPUT(project1.elf elf32-littlearm)
